node.exe : [WebServer] (node:4284) Warning: The 'NO_COLOR' env is ignored due to the 'FORCE_COLOR' env being set.
En línea: 1 Carácter: 1
+ & "C:\Program Files\nodejs/node.exe" "C:\Program Files\nodejs/node_mo ...
+ ~~~~~~~~~~~~~~~~~~~~~~~~~~~~~~~~~~~~~~~~~~~~~~~~~~~~~~~~~~~~~~~~~~~~~
    + CategoryInfo          : NotSpecified: ([WebServer] (no... env being set.:String) [], RemoteException
    + FullyQualifiedErrorId : NativeCommandError
 
[WebServer] (Use `node --trace-warnings ...` to show where the warning was created)
[e2e/global-setup] fase H5 · evidencia en RepoTecnico/evidencia/H5/
[e2e/global-setup] plazos inyectados 3000/2000 ms · producción 120000/60000/30000 ms (verificados)
[e2e/global-setup] dist/ presente
[e2e/global-setup] Anvil http://127.0.0.1:8545: OK (chainId 31337)
[e2e/global-setup] Anvil secundario http://127.0.0.1:8546: OK (chainId 31338, arrancado por el arnés)
(node:5560) [DEP0190] DeprecationWarning: Passing args to a child process with shell option true can lead to security 
vulnerabilities, as the arguments are not escaped, only concatenated.
(Use `node --trace-deprecation ...` to show where the warning was created)

Running 1 test using 1 worker

(node:8656) Warning: The 'NO_COLOR' env is ignored due to the 'FORCE_COLOR' env being set.
(Use `node --trace-warnings ...` to show where the warning was created)
SONDA conexion= true
SONDA ventana envio= chrome-extension://oiahebaliobknoeeonhgaacapjcpgblo/notifica
SONDA enviar= {"clase":"resultado resultado--ok","cuerpo":"\"0x7fc75a49fbde1e8383ad85c3e4cbe7da5309a2475b7993f294761c0d43af39e0\"","ventanasAbiertas":0,"paginas":["about:blank","test.html"]}
SONDA muestras= ["0ms[about:blank|test.html]","1000ms[about:blank|test.html|notification.html?ap]","2000ms[about:blank|test.html|notification.html?ap]","3000ms[about:blank|test.html]","4000ms[about:blank|test.html]","5000ms[about:blank|test.html]","6000ms[about:blank|test.html]","7000ms[about:blank|test.html]","8000ms[about:blank|test.html]","9000ms[about:blank|test.html]"]
SONDA eip712= {"clase":"resultado resultado--error","code":"4001","cuerpo":"Error 4001: El usuario no respondió en el plazo establecido (3 s); la solicitud ha caducado."}
SONDA logs= [{"event":"rpc_call","method":"eth_accounts","data":{"params":[]}},{"event":"rpc_call","method":"wallet_getState","data":{"params":[]}},{"event":"approval_resolved","method":"eth_sendTransaction","data":{"approvalId":"5d071e1c-7dc0-4bcb-8c77-b81b9c6a1b2a","entrega":"none","errorCode":null,"status":"approved"}},{"event":"tx_sent","method":"eth_sendTransaction","data":{"state":"pending","txHash":"0x7fc75a49fbde1e8383ad85c3e4cbe7da5309a2475b7993f294761c0d43af39e0"}},{"event":"rpc_call","method":"eth_sendTransaction","data":{"params":{"data":"","dataLength":0,"from":"0xf39Fd6e51aad88F6F4ce6aB8827279cffFb92266","nonce":null,"to":"0x70997970C51812dc3A010C7d01b50e0d17dc79C8","value":"0x2386F26FC10000"}}},{"event":"rpc_call","method":"wallet_getState","data":{"params":[]}},{"event":"approval_expired","method":"eth_signTypedData_v4","data":{"approvalId":"94e6111e-c9eb-4872-94e7-a46c27a3881f","errorCode":4001,"method":"eth_signTypedData_v4","origin":"http://localhost:5174","segundos":3}},{"event":"rpc_error","method":"eth_signTypedData_v4","data":{"code":4001,"message":"Operación cancelada por el usuario."}}]
  ok 1 [chromium-extension] › e2e\94-sonda-eip712.spec.ts:18:1 › sonda: envío aprobado y después EIP-712 (15.5s)

  1 passed (32.6s)
