node.exe : [WebServer] (node:19756) Warning: The 'NO_COLOR' env is ignored due to the 'FORCE_COLOR' env being set.
En línea: 1 Carácter: 1
+ & "C:\Program Files\nodejs/node.exe" "C:\Program Files\nodejs/node_mo ...
+ ~~~~~~~~~~~~~~~~~~~~~~~~~~~~~~~~~~~~~~~~~~~~~~~~~~~~~~~~~~~~~~~~~~~~~
    + CategoryInfo          : NotSpecified: ([WebServer] (no... env being set.:String) [], RemoteException
    + FullyQualifiedErrorId : NativeCommandError
 
[WebServer] (Use `node --trace-warnings ...` to show where the warning was created)
[e2e/global-setup] fase H5 · evidencia en RepoTecnico/evidencia/H5/
[e2e/global-setup] plazos inyectados 3000/2000 ms · producción 120000/60000/30000 ms (verificados)
[e2e/global-setup] dist/ presente
[e2e/global-setup] Anvil http://127.0.0.1:8545: OK (chainId 31337)
[e2e/global-setup] Anvil secundario http://127.0.0.1:8546: OK (chainId 31338)
(node:19196) [DEP0190] DeprecationWarning: Passing args to a child process with shell option true can lead to security 
vulnerabilities, as the arguments are not escaped, only concatenated.
(Use `node --trace-deprecation ...` to show where the warning was created)
TypeError: Cannot read properties of undefined (reading 'VITE_SIGN_TIMEOUT_MS')

   at ..\src\shared\constants.ts:90

  88 |
  89 | /** Plazo de firma/aprobación: 120 s de producción (RF-40). */
> 90 | export const SIGN_TIMEOUT_MS = numericEnvOverride(buildEnv.VITE_SIGN_TIMEOUT_MS, 120_000);
     |                                                            ^
  91 |
  92 | /** Plazo de conexión de dApp: 60 s de producción (RF-40). */
  93 | export const CONNECT_TIMEOUT_MS = numericEnvOverride(buildEnv.VITE_CONNECT_TIMEOUT_MS, 60_000);
    at C:\Users\lucci\MasterCodeCripto\GitLab\chrome-wallet\src\shared\constants.ts:90:60

